{
  anInt
  edge {
    anInt
    aFloat
    theTime
  }
}