{
  anInt
  edge {
    AnInt
    AFloat
    ADouble
    TheTime
  }
  newName
}