{
  anInt
  edge {
    anInt
    aFloat
    aDouble
    theTime
  }
  nestedEdge {
    anInt
    edge {
      anInt
      aFloat
      aDouble
      theTime
    }
  }
  deepEdge {
    anInt
    edge {
      anInt
      aFloat
      aDouble
      theTime
    }
    nestedEdge {
      anInt
    }
    deepEdge {
      anInt
    }
  }
}