{
  "Query": "query aTestQuery($arg1: ID!, $arg2: String, $arg3: TestType!) {\n aTestQuery(arg1: $arg1, arg2: $arg2, arg3: $arg3) {\n  AnInt\n  Edge {\n    AnInt\n    AFloat\n    ADouble\n    TheTime\n  }\n} \n}",
  "OperationName": "aTestQuery",
  "Variables": {
    "arg1": "ID-123",
    "arg2": "a string arg",
    "arg3": {
      "AnInt": 42,
      "AFloat": 4.2,
      "ADouble": 4.2,
      "TheTime": "0001-01-01T00:00:00"
    }
  }
}